==== 2026-09-07 10:26:42 PyBOP 安装开始 ====
python: /home/zjh/miniforge3/envs/pybamm/bin/python  (Python 3.11.16)
环境快照已保存: /home/zjh/pybamm_test/out/env_snapshot_before_pybop.txt
--- 安装前关键版本 ---
  numpy = 2.4.6
  scipy = 1.17.1
  pandas = 3.0.5
  matplotlib = 3.11.1
  pybamm = 26.8.0.0

==== DRY-RUN：pip 计划变更 ====
Would install SALib-1.5.2 annotated-types-0.8.0 bpx-1.1.1 cma-4.4.4 dill-0.4.1 multiprocess-0.70.19 narwhals-2.25.0 numpy-2.3.5 pints-0.6.1 plotly-7.0.0 pybop-26.3 pydantic-2.13.5 pydantic_core-2.46.5 tabulate-0.10.0 threadpoolctl-3.6.0 tqdm-4.70.0 typing-inspection-0.4.4

---- 尝试源: 默认 PyPI ----
Collecting bpx<1.2.0,>=1.1.1
  Using cached bpx-1.1.1-py3-none-any.whl.metadata (7.1 kB)
Collecting tqdm
  Using cached tqdm-4.70.0-py3-none-any.whl.metadata (57 kB)
Collecting pybop[plot]
  Using cached pybop-26.3-py3-none-any.whl.metadata (12 kB)
Collecting pydantic>=2.6 (from bpx<1.2.0,>=1.1.1)
  Using cached pydantic-2.13.5-py3-none-any.whl.metadata (110 kB)
Requirement already satisfied: pyparsing in /home/zjh/miniforge3/envs/pybamm/lib/python3.11/site-packages (from bpx<1.2.0,>=1.1.1) (3.3.2)
Requirement already satisfied: pyyaml in /home/zjh/miniforge3/envs/pybamm/lib/python3.11/site-packages (from bpx<1.2.0,>=1.1.1) (6.0.3)
Requirement already satisfied: pybamm>=25.12.0 in /home/zjh/miniforge3/envs/pybamm/lib/python3.11/site-packages (from pybop[plot]) (26.8.0.0)
Collecting numpy<2.4.0,>=1.26 (from pybop[plot])
  Using cached numpy-2.3.5-cp311-cp311-manylinux_2_27_x86_64.manylinux_2_28_x86_64.whl.metadata (62 kB)
Requirement already satisfied: scipy>=1.12 in /home/zjh/miniforge3/envs/pybamm/lib/python3.11/site-packages (from pybop[plot]) (1.17.1)
Collecting pints>=0.5.1 (from pybop[plot])
  Using cached pints-0.6.1-py3-none-any.whl.metadata (6.8 kB)
Collecting SALib>=1.5 (from pybop[plot])
  Using cached salib-1.5.2-py3-none-any.whl.metadata (11 kB)
Collecting plotly>=6 (from pybop[plot])
  Using cached plotly-7.0.0-py3-none-any.whl.metadata (8.7 kB)
Collecting cma>=2 (from pints>=0.5.1->pybop[plot])
  Using cached cma-4.4.4-py3-none-any.whl.metadata (9.2 kB)
Requirement already satisfied: matplotlib>=2.2 in /home/zjh/miniforge3/envs/pybamm/lib/python3.11/site-packages (from pints>=0.5.1->pybop[plot]) (3.11.1)
Collecting tabulate (from pints>=0.5.1->pybop[plot])
  Using cached tabulate-0.10.0-py3-none-any.whl.metadata (40 kB)
Collecting threadpoolctl (from pints>=0.5.1->pybop[plot])
  Using cached threadpoolctl-3.6.0-py3-none-any.whl.metadata (13 kB)
Requirement already satisfied: contourpy>=1.0.1 in /home/zjh/miniforge3/envs/pybamm/lib/python3.11/site-packages (from matplotlib>=2.2->pints>=0.5.1->pybop[plot]) (1.3.3)
Requirement already satisfied: cycler>=0.10 in /home/zjh/miniforge3/envs/pybamm/lib/python3.11/site-packages (from matplotlib>=2.2->pints>=0.5.1->pybop[plot]) (0.12.1)
Requirement already satisfied: fonttools>=4.28.2 in /home/zjh/miniforge3/envs/pybamm/lib/python3.11/site-packages (from matplotlib>=2.2->pints>=0.5.1->pybop[plot]) (4.64.0)
Requirement already satisfied: kiwisolver>=1.3.1 in /home/zjh/miniforge3/envs/pybamm/lib/python3.11/site-packages (from matplotlib>=2.2->pints>=0.5.1->pybop[plot]) (1.5.1)
Requirement already satisfied: packaging>=20.0 in /home/zjh/miniforge3/envs/pybamm/lib/python3.11/site-packages (from matplotlib>=2.2->pints>=0.5.1->pybop[plot]) (26.3)
Requirement already satisfied: pillow>=9 in /home/zjh/miniforge3/envs/pybamm/lib/python3.11/site-packages (from matplotlib>=2.2->pints>=0.5.1->pybop[plot]) (12.3.0)
Requirement already satisfied: python-dateutil>=2.7 in /home/zjh/miniforge3/envs/pybamm/lib/python3.11/site-packages (from matplotlib>=2.2->pints>=0.5.1->pybop[plot]) (2.9.0.post0)
Collecting narwhals>=1.15.1 (from plotly>=6->pybop[plot])
  Using cached narwhals-2.25.0-py3-none-any.whl.metadata (15 kB)
Requirement already satisfied: anytree>=2.8.0 in /home/zjh/miniforge3/envs/pybamm/lib/python3.11/site-packages (from pybamm>=25.12.0->pybop[plot]) (2.13.0)
Requirement already satisfied: black in /home/zjh/miniforge3/envs/pybamm/lib/python3.11/site-packages (from pybamm>=25.12.0->pybop[plot]) (26.5.1)
Requirement already satisfied: pandas>=1.5.0 in /home/zjh/miniforge3/envs/pybamm/lib/python3.11/site-packages (from pybamm>=25.12.0->pybop[plot]) (3.0.5)
Requirement already satisfied: platformdirs in /home/zjh/miniforge3/envs/pybamm/lib/python3.11/site-packages (from pybamm>=25.12.0->pybop[plot]) (4.11.7)
Requirement already satisfied: pooch>=1.8.1 in /home/zjh/miniforge3/envs/pybamm/lib/python3.11/site-packages (from pybamm>=25.12.0->pybop[plot]) (1.9.0)
Requirement already satisfied: posthog in /home/zjh/miniforge3/envs/pybamm/lib/python3.11/site-packages (from pybamm>=25.12.0->pybop[plot]) (7.47.0)
Requirement already satisfied: pybammsolvers<0.10.0,>=0.9.0 in /home/zjh/miniforge3/envs/pybamm/lib/python3.11/site-packages (from pybamm>=25.12.0->pybop[plot]) (0.9.1)
Requirement already satisfied: sympy>=1.12 in /home/zjh/miniforge3/envs/pybamm/lib/python3.11/site-packages (from pybamm>=25.12.0->pybop[plot]) (1.14.0)
Requirement already satisfied: typing-extensions>=4.16.0 in /home/zjh/miniforge3/envs/pybamm/lib/python3.11/site-packages (from pybamm>=25.12.0->pybop[plot]) (4.16.0)
Requirement already satisfied: xarray>=2022.6.0 in /home/zjh/miniforge3/envs/pybamm/lib/python3.11/site-packages (from pybamm>=25.12.0->pybop[plot]) (2026.7.0)
Requirement already satisfied: casadi==3.7.2 in /home/zjh/miniforge3/envs/pybamm/lib/python3.11/site-packages (from pybammsolvers<0.10.0,>=0.9.0->pybamm>=25.12.0->pybop[plot]) (3.7.2)
Requirement already satisfied: requests>=2.19.0 in /home/zjh/miniforge3/envs/pybamm/lib/python3.11/site-packages (from pooch>=1.8.1->pybamm>=25.12.0->pybop[plot]) (2.34.2)
Collecting annotated-types>=0.6.0 (from pydantic>=2.6->bpx<1.2.0,>=1.1.1)
  Using cached annotated_types-0.8.0-py3-none-any.whl.metadata (15 kB)
Collecting pydantic-core==2.46.5 (from pydantic>=2.6->bpx<1.2.0,>=1.1.1)
  Using cached pydantic_core-2.46.5-cp311-cp311-manylinux_2_17_x86_64.manylinux2014_x86_64.whl.metadata (6.6 kB)
Collecting typing-inspection>=0.4.2 (from pydantic>=2.6->bpx<1.2.0,>=1.1.1)
  Using cached typing_inspection-0.4.4-py3-none-any.whl.metadata (2.6 kB)
Requirement already satisfied: six>=1.5 in /home/zjh/miniforge3/envs/pybamm/lib/python3.11/site-packages (from python-dateutil>=2.7->matplotlib>=2.2->pints>=0.5.1->pybop[plot]) (1.17.0)
Requirement already satisfied: charset_normalizer<4,>=2 in /home/zjh/miniforge3/envs/pybamm/lib/python3.11/site-packages (from requests>=2.19.0->pooch>=1.8.1->pybamm>=25.12.0->pybop[plot]) (3.5.1)
Requirement already satisfied: idna<4,>=2.5 in /home/zjh/miniforge3/envs/pybamm/lib/python3.11/site-packages (from requests>=2.19.0->pooch>=1.8.1->pybamm>=25.12.0->pybop[plot]) (3.19)
Requirement already satisfied: urllib3<3,>=1.26 in /home/zjh/miniforge3/envs/pybamm/lib/python3.11/site-packages (from requests>=2.19.0->pooch>=1.8.1->pybamm>=25.12.0->pybop[plot]) (2.7.0)
Requirement already satisfied: certifi>=2023.5.7 in /home/zjh/miniforge3/envs/pybamm/lib/python3.11/site-packages (from requests>=2.19.0->pooch>=1.8.1->pybamm>=25.12.0->pybop[plot]) (2026.7.22)
Collecting multiprocess (from SALib>=1.5->pybop[plot])
  Using cached multiprocess-0.70.19-py311-none-any.whl.metadata (7.5 kB)
Requirement already satisfied: mpmath<1.4,>=1.1.0 in /home/zjh/miniforge3/envs/pybamm/lib/python3.11/site-packages (from sympy>=1.12->pybamm>=25.12.0->pybop[plot]) (1.3.0)
Requirement already satisfied: click>=8.0.0 in /home/zjh/miniforge3/envs/pybamm/lib/python3.11/site-packages (from black->pybamm>=25.12.0->pybop[plot]) (8.5.0)
Requirement already satisfied: mypy-extensions>=0.4.3 in /home/zjh/miniforge3/envs/pybamm/lib/python3.11/site-packages (from black->pybamm>=25.12.0->pybop[plot]) (1.1.0)
Requirement already satisfied: pathspec>=1.0.0 in /home/zjh/miniforge3/envs/pybamm/lib/python3.11/site-packages (from black->pybamm>=25.12.0->pybop[plot]) (1.1.1)
Requirement already satisfied: pytokens~=0.4.0 in /home/zjh/miniforge3/envs/pybamm/lib/python3.11/site-packages (from black->pybamm>=25.12.0->pybop[plot]) (0.4.1)
Collecting dill>=0.4.1 (from multiprocess->SALib>=1.5->pybop[plot])
  Using cached dill-0.4.1-py3-none-any.whl.metadata (10 kB)
Requirement already satisfied: backoff>=1.10.0 in /home/zjh/miniforge3/envs/pybamm/lib/python3.11/site-packages (from posthog->pybamm>=25.12.0->pybop[plot]) (2.2.1)
Requirement already satisfied: distro>=1.5.0 in /home/zjh/miniforge3/envs/pybamm/lib/python3.11/site-packages (from posthog->pybamm>=25.12.0->pybop[plot]) (1.9.0)
Downloading bpx-1.1.1-py3-none-any.whl (20 kB)
Downloading pybop-26.3-py3-none-any.whl (169 kB)
Using cached numpy-2.3.5-cp311-cp311-manylinux_2_27_x86_64.manylinux_2_28_x86_64.whl (16.9 MB)
Using cached tqdm-4.70.0-py3-none-any.whl (80 kB)
Downloading pints-0.6.1-py3-none-any.whl (290 kB)
Downloading cma-4.4.4-py3-none-any.whl (328 kB)
Downloading plotly-7.0.0-py3-none-any.whl (9.1 MB)
   ━━━━━━━━━━━━━━━━━━━━━━━━━━━━━━━━━━━━━━━━ 9.1/9.1 MB 17.3 MB/s  0:00:00
Downloading narwhals-2.25.0-py3-none-any.whl (467 kB)
Using cached pydantic-2.13.5-py3-none-any.whl (472 kB)
Using cached pydantic_core-2.46.5-cp311-cp311-manylinux_2_17_x86_64.manylinux2014_x86_64.whl (2.1 MB)
Using cached annotated_types-0.8.0-py3-none-any.whl (13 kB)
Downloading salib-1.5.2-py3-none-any.whl (780 kB)
   ━━━━━━━━━━━━━━━━━━━━━━━━━━━━━━━━━━━━━━━━ 780.1/780.1 kB 13.8 MB/s  0:00:00
Using cached typing_inspection-0.4.4-py3-none-any.whl (14 kB)
Downloading multiprocess-0.70.19-py311-none-any.whl (144 kB)
Using cached dill-0.4.1-py3-none-any.whl (120 kB)
Using cached tabulate-0.10.0-py3-none-any.whl (39 kB)
Downloading threadpoolctl-3.6.0-py3-none-any.whl (18 kB)
Installing collected packages: typing-inspection, tqdm, threadpoolctl, tabulate, pydantic-core, numpy, narwhals, dill, annotated-types, pydantic, plotly, multiprocess, cma, bpx, SALib, pints, pybop
  Attempting uninstall: numpy
    Found existing installation: numpy 2.4.6
    Uninstalling numpy-2.4.6:
      Successfully uninstalled numpy-2.4.6

Successfully installed SALib-1.5.2 annotated-types-0.8.0 bpx-1.1.1 cma-4.4.4 dill-0.4.1 multiprocess-0.70.19 narwhals-2.25.0 numpy-2.3.5 pints-0.6.1 plotly-7.0.0 pybop-26.3 pydantic-2.13.5 pydantic-core-2.46.5 tabulate-0.10.0 threadpoolctl-3.6.0 tqdm-4.70.0 typing-inspection-0.4.4
OK: 默认源安装成功

==== 安装后版本 ====
  numpy = 2.3.5
  scipy = 1.17.1
  pandas = 3.0.5
  matplotlib = 3.11.1
  pybamm = 26.8.0.0
  pybop = 26.3
  pints = 0.6.1
  SALib = ?
  plotly = 7.0.0
  bpx = 1.1.1
  tqdm = 4.70.0

==== 回归测试：PyBaMM 是否仍正常 ====
{
  "pybamm": "26.8.0.0",
  "numpy": "2.3.5",
  "solve_s": 0.24,
  "V": [
    4.0377,
    2.5
  ],
  "Q_Ah": 4.9381
}

==== PyBOP 冒烟测试：SPM 两参数辨识 ====
Traceback (most recent call last):
  File "<stdin>", line 9, in <module>
AttributeError: module 'pybop' has no attribute 'add_noise'

==== 汇总 ====
PyBaMM 回归: 通过
PyBOP 冒烟: 失败

==== 完成，日志: /home/zjh/pybamm_test/out/install_pybop.log ====
